// Jest Snapshot v1, https://goo.gl/fbAQLP

exports[`<Header/> Must render the component 1`] = `
<body>
  <div>
    <div
      class="MuiBox-root css-i9gxme"
    >
      <header
        class="MuiPaper-root MuiPaper-elevation MuiPaper-elevation4 MuiAppBar-root MuiAppBar-colorPrimary MuiAppBar-positionStatic css-hip9hq-MuiPaper-root-MuiAppBar-root"
      >
        <div
          class="MuiToolbar-root MuiToolbar-gutters MuiToolbar-regular css-1t29gy6-MuiToolbar-root"
        >
          <div
            class="MuiTypography-root MuiTypography-h6 css-7fum8j-MuiTypography-root"
          >
            Github Extensions Counter
          </div>
        </div>
      </header>
    </div>
  </div>
</body>
`;
